// Jest Snapshot v1, https://goo.gl/fbAQLP

exports[`renders a TwitterIcon 1`] = `"<svg class=\\"twitter\\" width=\\"32\\" height=\\"32\\" viewBox=\\"0 0 32 32\\" fill=\\"none\\" xmlns=\\"http://www.w3.org/2000/svg\\"><g clip-path=\\"url(#jcTwitterClip)\\"><path d=\\"M16.0009 31.9997C24.8373 31.9997 32.0007 24.8363 32.0007 15.9999C32.0007 7.16338 24.8373 0 16.0009 0C7.16439 0 0.00100708 7.16338 0.00100708 15.9999C0.00100708 24.8363 7.16439 31.9997 16.0009 31.9997Z\\" fill=\\"#55ACEE\\"></path><path d=\\"M25.8006 11.4985C25.115 11.8025 24.3774 12.0082 23.6039 12.1C24.3937 11.6268 24.9997 10.8782 25.2858 9.98459C24.5468 10.423 23.728 10.741 22.8572 10.9124C22.1596 10.1694 21.1656 9.70508 20.065 9.70508C17.9533 9.70508 16.2406 11.4178 16.2406 13.5295C16.2406 13.8293 16.2745 14.121 16.3401 14.4011C13.1617 14.2417 10.3435 12.7192 8.45713 10.4047C8.128 10.9694 7.93918 11.6268 7.93918 12.3276C7.93918 13.6541 8.61485 14.8252 9.64048 15.5109C9.01387 15.4912 8.42376 15.3192 7.90838 15.032C7.9081 15.0483 7.9081 15.0645 7.9081 15.0805C7.9081 16.9335 9.22692 18.4791 10.9761 18.8302C10.6556 18.918 10.317 18.9645 9.96876 18.9645C9.72176 18.9645 9.48247 18.9408 9.24917 18.8963C9.73574 20.4154 11.1478 21.5212 12.8217 21.5522C11.5126 22.5782 9.8638 23.1894 8.07152 23.1894C7.76349 23.1894 7.45832 23.1714 7.1597 23.1357C8.85129 24.2213 10.862 24.8541 13.0217 24.8541C20.0562 24.8541 23.9031 19.0267 23.9031 13.9724C23.9031 13.8067 23.8994 13.6416 23.892 13.4779C24.6398 12.9388 25.2881 12.2654 25.8006 11.4985Z\\" fill=\\"#F1F2F2\\"></path></g><defs><clipPath id=\\"jcTwitterClip\\"><rect width=\\"32\\" height=\\"32\\" fill=\\"white\\"></rect></clipPath></defs></svg>"`;
